<?xml version="1.0" encoding="UTF-8"?>
<testsuites name="Mocha Tests" time="0.0030" tests="12" failures="0">
  <testsuite name="Root Suite" timestamp="2021-03-30T14:22:54" tests="0" time="0.0000" failures="0">
  </testsuite>
  <testsuite name="CalculService" timestamp="2021-03-30T14:22:55" tests="0" file="/home/baptistebrs/Documents/EPSI/Tests/calculatrice/tests/fixture/services/CalculService.test.js" time="0.0000" failures="0">
  </testsuite>
  <testsuite name="#add" timestamp="2021-03-30T14:22:55" tests="2" file="/home/baptistebrs/Documents/EPSI/Tests/calculatrice/tests/fixture/services/CalculService.test.js" time="0.0000" failures="0">
    <testcase name="CalculService #add should add values and return 6" time="0.0000" classname="should add values and return 6">
    </testcase>
    <testcase name="CalculService #add should add values and return 12" time="0.0000" classname="should add values and return 12">
    </testcase>
  </testsuite>
  <testsuite name="#sub" timestamp="2021-03-30T14:22:55" tests="2" file="/home/baptistebrs/Documents/EPSI/Tests/calculatrice/tests/fixture/services/CalculService.test.js" time="0.0000" failures="0">
    <testcase name="CalculService #sub should sub values and return 4" time="0.0000" classname="should sub values and return 4">
    </testcase>
    <testcase name="CalculService #sub should sub values and return 1" time="0.0000" classname="should sub values and return 1">
    </testcase>
  </testsuite>
  <testsuite name="#mul" timestamp="2021-03-30T14:22:55" tests="2" file="/home/baptistebrs/Documents/EPSI/Tests/calculatrice/tests/fixture/services/CalculService.test.js" time="0.0000" failures="0">
    <testcase name="CalculService #mul should mul values and return 10" time="0.0000" classname="should mul values and return 10">
    </testcase>
    <testcase name="CalculService #mul should mul values adn return 0" time="0.0000" classname="should mul values adn return 0">
    </testcase>
  </testsuite>
  <testsuite name="#div" timestamp="2021-03-30T14:22:55" tests="2" file="/home/baptistebrs/Documents/EPSI/Tests/calculatrice/tests/fixture/services/CalculService.test.js" time="0.0000" failures="0">
    <testcase name="CalculService #div should div values and return 3" time="0.0000" classname="should div values and return 3">
    </testcase>
    <testcase name="CalculService #div should return error" time="0.0000" classname="should return error">
    </testcase>
  </testsuite>
  <testsuite name="#prct" timestamp="2021-03-30T14:22:55" tests="2" file="/home/baptistebrs/Documents/EPSI/Tests/calculatrice/tests/fixture/services/CalculService.test.js" time="0.0030" failures="0">
    <testcase name="CalculService #prct should return the percentage values and return 10" time="0.0020" classname="should return the percentage values and return 10">
    </testcase>
    <testcase name="CalculService #prct spy the mul method" time="0.0010" classname="spy the mul method">
    </testcase>
  </testsuite>
  <testsuite name="#pow" timestamp="2021-03-30T14:22:55" tests="2" file="/home/baptistebrs/Documents/EPSI/Tests/calculatrice/tests/fixture/services/CalculService.test.js" time="0.0000" failures="0">
    <testcase name="CalculService #pow should return the pow values and return 25" time="0.0000" classname="should return the pow values and return 25">
    </testcase>
    <testcase name="CalculService #pow spy the mul method" time="0.0000" classname="spy the mul method">
    </testcase>
  </testsuite>
</testsuites>